// Jest Snapshot v1, https://goo.gl/fbAQLP

exports[`HomePage should match snapshot 1`] = `
ShallowWrapper {
  "length": 1,
  Symbol(enzyme.__root__): [Circular],
  Symbol(enzyme.__unrendered__): <HomePage />,
  Symbol(enzyme.__renderer__): Object {
    "batchedUpdates": [Function],
    "getNode": [Function],
    "render": [Function],
    "simulateEvent": [Function],
    "unmount": [Function],
  },
  Symbol(enzyme.__node__): Object {
    "instance": null,
    "key": undefined,
    "nodeType": "host",
    "props": Object {
      "children": Array [
        <h5>
          Search for a book
</h5>,
        <form
          onSubmit={[Function]}
>
          <input
                    onChange={[Function]}
                    placeholder="Search for some books"
                    value=""
          />
          <button
                    disabled={true}
                    type="submit"
          >
                    Search
          </button>
</form>,
        <Unknown
          addBookToClub={undefined}
          books={Array []}
          currentClub={undefined}
/>,
      ],
    },
    "ref": null,
    "rendered": Array [
      Object {
        "instance": null,
        "key": undefined,
        "nodeType": "host",
        "props": Object {
          "children": "Search for a book",
        },
        "ref": null,
        "rendered": "Search for a book",
        "type": "h5",
      },
      Object {
        "instance": null,
        "key": undefined,
        "nodeType": "host",
        "props": Object {
          "children": Array [
            <input
              onChange={[Function]}
              placeholder="Search for some books"
              value=""
/>,
            <button
              disabled={true}
              type="submit"
>
              Search
</button>,
          ],
          "onSubmit": [Function],
        },
        "ref": null,
        "rendered": Array [
          Object {
            "instance": null,
            "key": undefined,
            "nodeType": "host",
            "props": Object {
              "onChange": [Function],
              "placeholder": "Search for some books",
              "value": "",
            },
            "ref": null,
            "rendered": null,
            "type": "input",
          },
          Object {
            "instance": null,
            "key": undefined,
            "nodeType": "host",
            "props": Object {
              "children": "Search",
              "disabled": true,
              "type": "submit",
            },
            "ref": null,
            "rendered": "Search",
            "type": "button",
          },
        ],
        "type": "form",
      },
      Object {
        "instance": null,
        "key": undefined,
        "nodeType": "function",
        "props": Object {
          "addBookToClub": undefined,
          "books": Array [],
          "currentClub": undefined,
        },
        "ref": null,
        "rendered": null,
        "type": [Function],
      },
    ],
    "type": "div",
  },
  Symbol(enzyme.__nodes__): Array [
    Object {
      "instance": null,
      "key": undefined,
      "nodeType": "host",
      "props": Object {
        "children": Array [
          <h5>
            Search for a book
</h5>,
          <form
            onSubmit={[Function]}
>
            <input
                        onChange={[Function]}
                        placeholder="Search for some books"
                        value=""
            />
            <button
                        disabled={true}
                        type="submit"
            >
                        Search
            </button>
</form>,
          <Unknown
            addBookToClub={undefined}
            books={Array []}
            currentClub={undefined}
/>,
        ],
      },
      "ref": null,
      "rendered": Array [
        Object {
          "instance": null,
          "key": undefined,
          "nodeType": "host",
          "props": Object {
            "children": "Search for a book",
          },
          "ref": null,
          "rendered": "Search for a book",
          "type": "h5",
        },
        Object {
          "instance": null,
          "key": undefined,
          "nodeType": "host",
          "props": Object {
            "children": Array [
              <input
                onChange={[Function]}
                placeholder="Search for some books"
                value=""
/>,
              <button
                disabled={true}
                type="submit"
>
                Search
</button>,
            ],
            "onSubmit": [Function],
          },
          "ref": null,
          "rendered": Array [
            Object {
              "instance": null,
              "key": undefined,
              "nodeType": "host",
              "props": Object {
                "onChange": [Function],
                "placeholder": "Search for some books",
                "value": "",
              },
              "ref": null,
              "rendered": null,
              "type": "input",
            },
            Object {
              "instance": null,
              "key": undefined,
              "nodeType": "host",
              "props": Object {
                "children": "Search",
                "disabled": true,
                "type": "submit",
              },
              "ref": null,
              "rendered": "Search",
              "type": "button",
            },
          ],
          "type": "form",
        },
        Object {
          "instance": null,
          "key": undefined,
          "nodeType": "function",
          "props": Object {
            "addBookToClub": undefined,
            "books": Array [],
            "currentClub": undefined,
          },
          "ref": null,
          "rendered": null,
          "type": [Function],
        },
      ],
      "type": "div",
    },
  ],
  Symbol(enzyme.__options__): Object {
    "adapter": ReactSixteenAdapter {
      "options": Object {
        "enableComponentDidUpdateOnSetState": true,
      },
    },
  },
}
`;
